2c10154f45540c0c534c0c1048081d551f0606520111000100101b040310
